// Jest Snapshot v1, https://goo.gl/fbAQLP

exports[`Form validation should be able to submit the form 1`] = `
<div>
  <div
    class="my-form"
  >
    <pre>
      <code>
        {
    "firstName": "Julio",
    "lastName": "Guedes",
    "phone": "31998282827",
    "email": "julio@gmail.com",
    "gender": "male"
}
      </code>
    </pre>
    <div
      class="my-form__message"
    >
      <div
        class="MuiPaper-root MuiAlert-root MuiAlert-standardSuccess MuiPaper-elevation0"
        role="alert"
      >
        <div
          class="MuiAlert-icon"
        >
          <svg
            aria-hidden="true"
            class="MuiSvgIcon-root MuiSvgIcon-fontSizeInherit"
            focusable="false"
            viewBox="0 0 24 24"
          >
            <path
              d="M20,12A8,8 0 0,1 12,20A8,8 0 0,1 4,12A8,8 0 0,1 12,4C12.76,4 13.5,4.11 14.2, 4.31L15.77,2.74C14.61,2.26 13.34,2 12,2A10,10 0 0,0 2,12A10,10 0 0,0 12,22A10,10 0 0, 0 22,12M7.91,10.08L6.5,11.5L11,16L21,6L19.59,4.58L11,13.17L7.91,10.08Z"
            />
          </svg>
        </div>
        <div
          class="MuiAlert-message"
        >
          Sign up successfully done!
        </div>
      </div>
    </div>
    <div
      class="my-form__title"
    >
      üìù Register Form
    </div>
    <div
      class="my-form__box"
    >
      <form
        class="form-data"
      >
        <div
          class="form-data__label"
        >
          <div
            class="MuiFormControl-root MuiTextField-root WithStyles(ForwardRef(TextField))-root-16"
          >
            <label
              class="MuiFormLabel-root MuiInputLabel-root MuiInputLabel-formControl MuiInputLabel-animated MuiInputLabel-shrink MuiInputLabel-outlined MuiFormLabel-filled"
              data-shrink="true"
              for="firstName"
              id="firstName-label"
            >
              First name
            </label>
            <div
              class="MuiInputBase-root MuiOutlinedInput-root MuiInputBase-formControl"
            >
              <input
                aria-invalid="false"
                class="MuiInputBase-input MuiOutlinedInput-input"
                data-testid="firstName"
                id="firstName"
                name="firstName"
                type="text"
                value=""
              />
              <fieldset
                aria-hidden="true"
                class="PrivateNotchedOutline-root-17 MuiOutlinedInput-notchedOutline"
              >
                <legend
                  class="PrivateNotchedOutline-legendLabelled-19 PrivateNotchedOutline-legendNotched-20"
                >
                  <span>
                    First name
                  </span>
                </legend>
              </fieldset>
            </div>
            
          </div>
        </div>
        <div
          class="form-data__label"
        >
          <div
            class="MuiFormControl-root MuiTextField-root WithStyles(ForwardRef(TextField))-root-16"
          >
            <label
              class="MuiFormLabel-root MuiInputLabel-root MuiInputLabel-formControl MuiInputLabel-animated MuiInputLabel-shrink MuiInputLabel-outlined MuiFormLabel-filled"
              data-shrink="true"
              for="lastName"
              id="lastName-label"
            >
              Last name
            </label>
            <div
              class="MuiInputBase-root MuiOutlinedInput-root MuiInputBase-formControl"
            >
              <input
                aria-invalid="false"
                class="MuiInputBase-input MuiOutlinedInput-input"
                data-testid="lastName"
                id="lastName"
                name="lastName"
                type="text"
                value=""
              />
              <fieldset
                aria-hidden="true"
                class="PrivateNotchedOutline-root-17 MuiOutlinedInput-notchedOutline"
              >
                <legend
                  class="PrivateNotchedOutline-legendLabelled-19 PrivateNotchedOutline-legendNotched-20"
                >
                  <span>
                    Last name
                  </span>
                </legend>
              </fieldset>
            </div>
            
          </div>
        </div>
        <div
          class="form-data__label"
        >
          <div
            class="MuiFormControl-root MuiTextField-root WithStyles(ForwardRef(TextField))-root-16"
          >
            <label
              class="MuiFormLabel-root MuiInputLabel-root MuiInputLabel-formControl MuiInputLabel-animated MuiInputLabel-shrink MuiInputLabel-outlined MuiFormLabel-filled"
              data-shrink="true"
              for="phone"
              id="phone-label"
            >
              Phone
            </label>
            <div
              class="MuiInputBase-root MuiOutlinedInput-root MuiInputBase-formControl"
            >
              <input
                aria-invalid="false"
                class="MuiInputBase-input MuiOutlinedInput-input"
                data-testid="phone"
                id="phone"
                name="phone"
                type="text"
                value=""
              />
              <fieldset
                aria-hidden="true"
                class="PrivateNotchedOutline-root-17 MuiOutlinedInput-notchedOutline"
              >
                <legend
                  class="PrivateNotchedOutline-legendLabelled-19 PrivateNotchedOutline-legendNotched-20"
                >
                  <span>
                    Phone
                  </span>
                </legend>
              </fieldset>
            </div>
            
          </div>
        </div>
        <div
          class="form-data__label"
        >
          <div
            class="MuiFormControl-root MuiTextField-root WithStyles(ForwardRef(TextField))-root-16"
          >
            <label
              class="MuiFormLabel-root MuiInputLabel-root MuiInputLabel-formControl MuiInputLabel-animated MuiInputLabel-shrink MuiInputLabel-outlined MuiFormLabel-filled"
              data-shrink="true"
              for="email"
              id="email-label"
            >
              Email
            </label>
            <div
              class="MuiInputBase-root MuiOutlinedInput-root MuiInputBase-formControl"
            >
              <input
                aria-invalid="false"
                class="MuiInputBase-input MuiOutlinedInput-input"
                data-testid="email"
                id="email"
                name="email"
                type="text"
                value=""
              />
              <fieldset
                aria-hidden="true"
                class="PrivateNotchedOutline-root-17 MuiOutlinedInput-notchedOutline"
              >
                <legend
                  class="PrivateNotchedOutline-legendLabelled-19 PrivateNotchedOutline-legendNotched-20"
                >
                  <span>
                    Email
                  </span>
                </legend>
              </fieldset>
            </div>
            
          </div>
        </div>
        <div
          class="form-data__label"
        >
          <select
            class="form-data__label select-component"
            data-testid="gender"
            name="gender"
          >
            <option
              value=""
            >
              - SELECT ONE -
            </option>
            <option
              value="male"
            >
              Male
            </option>
            <option
              value="female"
            >
              Female
            </option>
            <option
              value="other"
            >
              Other
            </option>
          </select>
        </div>
        <div
          class="form-data__submit submit"
        >
          <input
            class="submit__button"
            data-testid="submit"
            disabled=""
            id="submit"
            type="submit"
            value="Submit"
          />
        </div>
      </form>
    </div>
  </div>
</div>
`;

exports[`Form validation should firstName be required for submitting 1`] = `
<div>
  <div
    class="my-form"
  >
    <pre>
      <code />
    </pre>
    <div
      class="my-form__message"
    />
    <div
      class="my-form__title"
    >
      üìù Register Form
    </div>
    <div
      class="my-form__box"
    >
      <form
        class="form-data"
      >
        <div
          class="form-data__label"
        >
          <div
            class="MuiFormControl-root MuiTextField-root WithStyles(ForwardRef(TextField))-root-6"
          >
            <label
              class="MuiFormLabel-root MuiInputLabel-root MuiInputLabel-formControl MuiInputLabel-animated MuiInputLabel-shrink MuiInputLabel-outlined Mui-error Mui-error Mui-focused Mui-focused"
              data-shrink="true"
              for="firstName"
              id="firstName-label"
            >
              First name
            </label>
            <div
              class="MuiInputBase-root MuiOutlinedInput-root Mui-error Mui-error Mui-focused Mui-focused MuiInputBase-formControl"
            >
              <input
                aria-describedby="firstName-helper-text"
                aria-invalid="true"
                class="MuiInputBase-input MuiOutlinedInput-input"
                data-testid="firstName"
                id="firstName"
                name="firstName"
                type="text"
                value=""
              />
              <fieldset
                aria-hidden="true"
                class="PrivateNotchedOutline-root-7 MuiOutlinedInput-notchedOutline"
              >
                <legend
                  class="PrivateNotchedOutline-legendLabelled-9 PrivateNotchedOutline-legendNotched-10"
                >
                  <span>
                    First name
                  </span>
                </legend>
              </fieldset>
            </div>
            <p
              class="MuiFormHelperText-root MuiFormHelperText-contained Mui-error Mui-focused"
              id="firstName-helper-text"
            >
              <span
                data-testid="firstname-error-message"
              >
                First name is required
              </span>
            </p>
          </div>
        </div>
        <div
          class="form-data__label"
        >
          <div
            class="MuiFormControl-root MuiTextField-root WithStyles(ForwardRef(TextField))-root-6"
          >
            <label
              class="MuiFormLabel-root MuiInputLabel-root MuiInputLabel-formControl MuiInputLabel-animated MuiInputLabel-shrink MuiInputLabel-outlined MuiFormLabel-filled"
              data-shrink="true"
              for="lastName"
              id="lastName-label"
            >
              Last name
            </label>
            <div
              class="MuiInputBase-root MuiOutlinedInput-root MuiInputBase-formControl"
            >
              <input
                aria-invalid="false"
                class="MuiInputBase-input MuiOutlinedInput-input"
                data-testid="lastName"
                id="lastName"
                name="lastName"
                type="text"
                value=""
              />
              <fieldset
                aria-hidden="true"
                class="PrivateNotchedOutline-root-7 MuiOutlinedInput-notchedOutline"
              >
                <legend
                  class="PrivateNotchedOutline-legendLabelled-9 PrivateNotchedOutline-legendNotched-10"
                >
                  <span>
                    Last name
                  </span>
                </legend>
              </fieldset>
            </div>
            
          </div>
        </div>
        <div
          class="form-data__label"
        >
          <div
            class="MuiFormControl-root MuiTextField-root WithStyles(ForwardRef(TextField))-root-6"
          >
            <label
              class="MuiFormLabel-root MuiInputLabel-root MuiInputLabel-formControl MuiInputLabel-animated MuiInputLabel-outlined Mui-error Mui-error"
              data-shrink="false"
              for="phone"
              id="phone-label"
            >
              Phone
            </label>
            <div
              class="MuiInputBase-root MuiOutlinedInput-root Mui-error Mui-error MuiInputBase-formControl"
            >
              <input
                aria-describedby="phone-helper-text"
                aria-invalid="true"
                class="MuiInputBase-input MuiOutlinedInput-input"
                data-testid="phone"
                id="phone"
                name="phone"
                type="text"
                value=""
              />
              <fieldset
                aria-hidden="true"
                class="PrivateNotchedOutline-root-7 MuiOutlinedInput-notchedOutline"
              >
                <legend
                  class="PrivateNotchedOutline-legendLabelled-9"
                >
                  <span>
                    Phone
                  </span>
                </legend>
              </fieldset>
            </div>
            <p
              class="MuiFormHelperText-root MuiFormHelperText-contained Mui-error"
              id="phone-helper-text"
            >
              Phone is required
            </p>
          </div>
        </div>
        <div
          class="form-data__label"
        >
          <div
            class="MuiFormControl-root MuiTextField-root WithStyles(ForwardRef(TextField))-root-6"
          >
            <label
              class="MuiFormLabel-root MuiInputLabel-root MuiInputLabel-formControl MuiInputLabel-animated MuiInputLabel-outlined Mui-error Mui-error"
              data-shrink="false"
              for="email"
              id="email-label"
            >
              Email
            </label>
            <div
              class="MuiInputBase-root MuiOutlinedInput-root Mui-error Mui-error MuiInputBase-formControl"
            >
              <input
                aria-describedby="email-helper-text"
                aria-invalid="true"
                class="MuiInputBase-input MuiOutlinedInput-input"
                data-testid="email"
                id="email"
                name="email"
                type="text"
                value=""
              />
              <fieldset
                aria-hidden="true"
                class="PrivateNotchedOutline-root-7 MuiOutlinedInput-notchedOutline"
              >
                <legend
                  class="PrivateNotchedOutline-legendLabelled-9"
                >
                  <span>
                    Email
                  </span>
                </legend>
              </fieldset>
            </div>
            <p
              class="MuiFormHelperText-root MuiFormHelperText-contained Mui-error"
              id="email-helper-text"
            >
              Email is required
            </p>
          </div>
        </div>
        <div
          class="form-data__label"
        >
          <select
            class="form-data__label select-component"
            data-testid="gender"
            name="gender"
          >
            <option
              value=""
            >
              - SELECT ONE -
            </option>
            <option
              value="male"
            >
              Male
            </option>
            <option
              value="female"
            >
              Female
            </option>
            <option
              value="other"
            >
              Other
            </option>
          </select>
          <span
            role="alert"
          >
            Gender is required
          </span>
        </div>
        <div
          class="form-data__submit submit"
        >
          <input
            class="submit__button"
            data-testid="submit"
            id="submit"
            type="submit"
            value="Submit"
          />
        </div>
      </form>
    </div>
  </div>
</div>
`;

exports[`Form validation should lastName be required for submitting 1`] = `
<div>
  <div
    class="my-form"
  >
    <pre>
      <code />
    </pre>
    <div
      class="my-form__message"
    />
    <div
      class="my-form__title"
    >
      üìù Register Form
    </div>
    <div
      class="my-form__box"
    >
      <form
        class="form-data"
      >
        <div
          class="form-data__label"
        >
          <div
            class="MuiFormControl-root MuiTextField-root WithStyles(ForwardRef(TextField))-root-11"
          >
            <label
              class="MuiFormLabel-root MuiInputLabel-root MuiInputLabel-formControl MuiInputLabel-animated MuiInputLabel-shrink MuiInputLabel-outlined MuiFormLabel-filled"
              data-shrink="true"
              for="firstName"
              id="firstName-label"
            >
              First name
            </label>
            <div
              class="MuiInputBase-root MuiOutlinedInput-root MuiInputBase-formControl"
            >
              <input
                aria-invalid="false"
                class="MuiInputBase-input MuiOutlinedInput-input"
                data-testid="firstName"
                id="firstName"
                name="firstName"
                type="text"
                value=""
              />
              <fieldset
                aria-hidden="true"
                class="PrivateNotchedOutline-root-12 MuiOutlinedInput-notchedOutline"
              >
                <legend
                  class="PrivateNotchedOutline-legendLabelled-14 PrivateNotchedOutline-legendNotched-15"
                >
                  <span>
                    First name
                  </span>
                </legend>
              </fieldset>
            </div>
            
          </div>
        </div>
        <div
          class="form-data__label"
        >
          <div
            class="MuiFormControl-root MuiTextField-root WithStyles(ForwardRef(TextField))-root-11"
          >
            <label
              class="MuiFormLabel-root MuiInputLabel-root MuiInputLabel-formControl MuiInputLabel-animated MuiInputLabel-shrink MuiInputLabel-outlined Mui-error Mui-error Mui-focused Mui-focused"
              data-shrink="true"
              for="lastName"
              id="lastName-label"
            >
              Last name
            </label>
            <div
              class="MuiInputBase-root MuiOutlinedInput-root Mui-error Mui-error Mui-focused Mui-focused MuiInputBase-formControl"
            >
              <input
                aria-describedby="lastName-helper-text"
                aria-invalid="true"
                class="MuiInputBase-input MuiOutlinedInput-input"
                data-testid="lastName"
                id="lastName"
                name="lastName"
                type="text"
                value=""
              />
              <fieldset
                aria-hidden="true"
                class="PrivateNotchedOutline-root-12 MuiOutlinedInput-notchedOutline"
              >
                <legend
                  class="PrivateNotchedOutline-legendLabelled-14 PrivateNotchedOutline-legendNotched-15"
                >
                  <span>
                    Last name
                  </span>
                </legend>
              </fieldset>
            </div>
            <p
              class="MuiFormHelperText-root MuiFormHelperText-contained Mui-error Mui-focused"
              id="lastName-helper-text"
            >
              <span
                data-testid="lastname-error-message"
              >
                Last name is required
              </span>
            </p>
          </div>
        </div>
        <div
          class="form-data__label"
        >
          <div
            class="MuiFormControl-root MuiTextField-root WithStyles(ForwardRef(TextField))-root-11"
          >
            <label
              class="MuiFormLabel-root MuiInputLabel-root MuiInputLabel-formControl MuiInputLabel-animated MuiInputLabel-outlined Mui-error Mui-error"
              data-shrink="false"
              for="phone"
              id="phone-label"
            >
              Phone
            </label>
            <div
              class="MuiInputBase-root MuiOutlinedInput-root Mui-error Mui-error MuiInputBase-formControl"
            >
              <input
                aria-describedby="phone-helper-text"
                aria-invalid="true"
                class="MuiInputBase-input MuiOutlinedInput-input"
                data-testid="phone"
                id="phone"
                name="phone"
                type="text"
                value=""
              />
              <fieldset
                aria-hidden="true"
                class="PrivateNotchedOutline-root-12 MuiOutlinedInput-notchedOutline"
              >
                <legend
                  class="PrivateNotchedOutline-legendLabelled-14"
                >
                  <span>
                    Phone
                  </span>
                </legend>
              </fieldset>
            </div>
            <p
              class="MuiFormHelperText-root MuiFormHelperText-contained Mui-error"
              id="phone-helper-text"
            >
              Phone is required
            </p>
          </div>
        </div>
        <div
          class="form-data__label"
        >
          <div
            class="MuiFormControl-root MuiTextField-root WithStyles(ForwardRef(TextField))-root-11"
          >
            <label
              class="MuiFormLabel-root MuiInputLabel-root MuiInputLabel-formControl MuiInputLabel-animated MuiInputLabel-outlined Mui-error Mui-error"
              data-shrink="false"
              for="email"
              id="email-label"
            >
              Email
            </label>
            <div
              class="MuiInputBase-root MuiOutlinedInput-root Mui-error Mui-error MuiInputBase-formControl"
            >
              <input
                aria-describedby="email-helper-text"
                aria-invalid="true"
                class="MuiInputBase-input MuiOutlinedInput-input"
                data-testid="email"
                id="email"
                name="email"
                type="text"
                value=""
              />
              <fieldset
                aria-hidden="true"
                class="PrivateNotchedOutline-root-12 MuiOutlinedInput-notchedOutline"
              >
                <legend
                  class="PrivateNotchedOutline-legendLabelled-14"
                >
                  <span>
                    Email
                  </span>
                </legend>
              </fieldset>
            </div>
            <p
              class="MuiFormHelperText-root MuiFormHelperText-contained Mui-error"
              id="email-helper-text"
            >
              Email is required
            </p>
          </div>
        </div>
        <div
          class="form-data__label"
        >
          <select
            class="form-data__label select-component"
            data-testid="gender"
            name="gender"
          >
            <option
              value=""
            >
              - SELECT ONE -
            </option>
            <option
              value="male"
            >
              Male
            </option>
            <option
              value="female"
            >
              Female
            </option>
            <option
              value="other"
            >
              Other
            </option>
          </select>
          <span
            role="alert"
          >
            Gender is required
          </span>
        </div>
        <div
          class="form-data__submit submit"
        >
          <input
            class="submit__button"
            data-testid="submit"
            id="submit"
            type="submit"
            value="Submit"
          />
        </div>
      </form>
    </div>
  </div>
</div>
`;
